// Jest Snapshot v1, https://goo.gl/fbAQLP

exports[`should render AddExpensePage 1`] = `
<div>
  <h1>
    Add Expense
  </h1>
  <ExpenseForm
    buttonName="Add"
    onSubmit={[Function]}
  />
</div>
`;
