// Jest Snapshot v1, https://goo.gl/fbAQLP

exports[`should render login page correctly 1`] = `
<header>
  <h1>
    Expensify
  </h1>
  <button
    onClick={[Function]}
  >
    Login
  </button>
</header>
`;
